// Jest Snapshot v1, https://goo.gl/fbAQLP

exports[`Challenge should render correctly 1`] = `
<DocumentFragment>
  <table>
    <thead>
      <tr>
        <td>
          SKU
        </td>
        <td>
          Item Name
        </td>
        <td>
          Amount in Stock
        </td>
        <td>
          Capacity
        </td>
        <td>
          Order Amount
        </td>
      </tr>
    </thead>
    <tbody />
  </table>
  <div
    class="totalCost"
    data-testid="total-cost"
  >
    Total Cost: $0
  </div>
  <button
    data-testid="low-stock-button"
  >
    Get Low-Stock Items
  </button>
  <button
    data-testid="reorder-button"
  >
    Determine Re-Order Cost
  </button>
</DocumentFragment>
`;
